#-----------------------------------------------------------
# Vivado v2021.1 (64-bit)
# SW Build 3247384 on Thu Jun 10 19:36:33 MDT 2021
# IP Build 3246043 on Fri Jun 11 00:30:35 MDT 2021
# Start of session at: Thu Dec 16 15:14:20 2021
# Process ID: 20900
# Current directory: D:/Documents/_Schoolware/_CU/Y3T1/HWSYNLAB/lab6
# Command line: vivado.exe -gui_launcher_event rodinguilauncherevent22020 D:\Documents\_Schoolware\_CU\Y3T1\HWSYNLAB\lab6\lab6.xpr
# Log file: D:/Documents/_Schoolware/_CU/Y3T1/HWSYNLAB/lab6/vivado.log
# Journal file: D:/Documents/_Schoolware/_CU/Y3T1/HWSYNLAB/lab6\vivado.jou
#-----------------------------------------------------------
start_gui
open_project D:/Documents/_Schoolware/_CU/Y3T1/HWSYNLAB/lab6/lab6.xpr
update_compile_order -fileset sources_1
create_project final-calculator D:/Documents/_Schoolware/_CU/Y3T1/HWSYNLAB/final-calculator -part xc7a35tcpg236-1
file mkdir D:/Documents/_Schoolware/_CU/Y3T1/HWSYNLAB/final-calculator/final-calculator.srcs/sources_1/new
close [ open D:/Documents/_Schoolware/_CU/Y3T1/HWSYNLAB/final-calculator/final-calculator.srcs/sources_1/new/system.v w ]
add_files D:/Documents/_Schoolware/_CU/Y3T1/HWSYNLAB/final-calculator/final-calculator.srcs/sources_1/new/system.v
update_compile_order -fileset sources_1
current_project lab6
current_project final-calculator
current_project lab6
current_project final-calculator
close [ open D:/Documents/_Schoolware/_CU/Y3T1/HWSYNLAB/final-calculator/final-calculator.srcs/sources_1/new/uart.v w ]
add_files D:/Documents/_Schoolware/_CU/Y3T1/HWSYNLAB/final-calculator/final-calculator.srcs/sources_1/new/uart.v
update_compile_order -fileset sources_1
current_project lab6
current_project final-calculator
current_project lab6
current_project final-calculator
synth_design -rtl -rtl_skip_mlo -name rtl_1
current_project lab6
current_project final-calculator
refresh_design
refresh_design
launch_runs synth_1 -jobs 4
wait_on_run synth_1
file mkdir D:/Documents/_Schoolware/_CU/Y3T1/HWSYNLAB/final-calculator/final-calculator.srcs/constrs_1
file mkdir D:/Documents/_Schoolware/_CU/Y3T1/HWSYNLAB/final-calculator/final-calculator.srcs/constrs_1/new
close [ open D:/Documents/_Schoolware/_CU/Y3T1/HWSYNLAB/final-calculator/final-calculator.srcs/constrs_1/new/BASYS3.xdc w ]
add_files -fileset constrs_1 D:/Documents/_Schoolware/_CU/Y3T1/HWSYNLAB/final-calculator/final-calculator.srcs/constrs_1/new/BASYS3.xdc
close_design
reset_run synth_1
launch_runs synth_1 -jobs 4
wait_on_run synth_1
launch_runs impl_1 -jobs 4
wait_on_run impl_1
launch_runs impl_1 -to_step write_bitstream -jobs 4
wait_on_run impl_1
open_hw_manager
connect_hw_server -allow_non_jtag
open_hw_target
set_property PROGRAM.FILE {D:/Documents/_Schoolware/_CU/Y3T1/HWSYNLAB/final-calculator/final-calculator.runs/impl_1/system.bit} [get_hw_devices xc7a35t_0]
current_hw_device [get_hw_devices xc7a35t_0]
refresh_hw_device -update_hw_probes false [lindex [get_hw_devices xc7a35t_0] 0]
set_property PROBES.FILE {} [get_hw_devices xc7a35t_0]
set_property FULL_PROBES.FILE {} [get_hw_devices xc7a35t_0]
set_property PROGRAM.FILE {D:/Documents/_Schoolware/_CU/Y3T1/HWSYNLAB/final-calculator/final-calculator.runs/impl_1/system.bit} [get_hw_devices xc7a35t_0]
program_hw_devices [get_hw_devices xc7a35t_0]
refresh_hw_device [lindex [get_hw_devices xc7a35t_0] 0]
reset_run synth_1
launch_runs synth_1 -jobs 4
wait_on_run synth_1
launch_runs impl_1 -jobs 4
wait_on_run impl_1
launch_runs impl_1 -to_step write_bitstream -jobs 4
wait_on_run impl_1
set_property PROBES.FILE {} [get_hw_devices xc7a35t_0]
set_property FULL_PROBES.FILE {} [get_hw_devices xc7a35t_0]
set_property PROGRAM.FILE {D:/Documents/_Schoolware/_CU/Y3T1/HWSYNLAB/final-calculator/final-calculator.runs/impl_1/system.bit} [get_hw_devices xc7a35t_0]
program_hw_devices [get_hw_devices xc7a35t_0]
refresh_hw_device [lindex [get_hw_devices xc7a35t_0] 0]
reset_run synth_1
launch_runs synth_1 -jobs 4
wait_on_run synth_1
launch_runs impl_1 -jobs 4
wait_on_run impl_1
open_run impl_1
launch_runs impl_1 -to_step write_bitstream -jobs 4
wait_on_run impl_1
set_property PROBES.FILE {} [get_hw_devices xc7a35t_0]
set_property FULL_PROBES.FILE {} [get_hw_devices xc7a35t_0]
set_property PROGRAM.FILE {D:/Documents/_Schoolware/_CU/Y3T1/HWSYNLAB/final-calculator/final-calculator.runs/impl_1/system.bit} [get_hw_devices xc7a35t_0]
program_hw_devices [get_hw_devices xc7a35t_0]
refresh_hw_device [lindex [get_hw_devices xc7a35t_0] 0]
reset_run synth_1
launch_runs synth_1 -jobs 4
wait_on_run synth_1
launch_runs impl_1 -jobs 4
wait_on_run impl_1
launch_runs impl_1 -to_step write_bitstream -jobs 4
wait_on_run impl_1
set_property PROBES.FILE {} [get_hw_devices xc7a35t_0]
set_property FULL_PROBES.FILE {} [get_hw_devices xc7a35t_0]
set_property PROGRAM.FILE {D:/Documents/_Schoolware/_CU/Y3T1/HWSYNLAB/final-calculator/final-calculator.runs/impl_1/system.bit} [get_hw_devices xc7a35t_0]
program_hw_devices [get_hw_devices xc7a35t_0]
refresh_hw_device [lindex [get_hw_devices xc7a35t_0] 0]
reset_run synth_1
launch_runs synth_1 -jobs 4
wait_on_run synth_1
launch_runs impl_1 -jobs 4
wait_on_run impl_1
launch_runs impl_1 -to_step write_bitstream -jobs 4
wait_on_run impl_1
set_property PROBES.FILE {} [get_hw_devices xc7a35t_0]
set_property FULL_PROBES.FILE {} [get_hw_devices xc7a35t_0]
set_property PROGRAM.FILE {D:/Documents/_Schoolware/_CU/Y3T1/HWSYNLAB/final-calculator/final-calculator.runs/impl_1/system.bit} [get_hw_devices xc7a35t_0]
program_hw_devices [get_hw_devices xc7a35t_0]
refresh_hw_device [lindex [get_hw_devices xc7a35t_0] 0]
close_hw_manager
update_compile_order -fileset sources_1
update_compile_order -fileset sources_1
synth_design -rtl -rtl_skip_mlo -name rtl_1
refresh_design
current_project lab6
current_project final-calculator
refresh_design
refresh_design
refresh_design
close_design
synth_design -rtl -rtl_skip_mlo -name rtl_1
synth_design -rtl -rtl_skip_mlo -name rtl_1
refresh_design
refresh_design
refresh_design
close_design
reset_run synth_1
launch_runs synth_1 -jobs 4
wait_on_run synth_1
launch_runs impl_1 -jobs 4
wait_on_run impl_1
launch_runs impl_1 -to_step write_bitstream -jobs 4
wait_on_run impl_1
current_project lab6
close_project
open_project D:/Documents/_Schoolware/_CU/Y3T1/HWSYNLAB/project_1/project_1.xpr
update_compile_order -fileset sources_1
current_project final-calculator
open_hw_manager
connect_hw_server -allow_non_jtag
open_hw_target
set_property PROGRAM.FILE {D:/Documents/_Schoolware/_CU/Y3T1/HWSYNLAB/final-calculator/final-calculator.runs/impl_1/system.bit} [get_hw_devices xc7a35t_0]
current_hw_device [get_hw_devices xc7a35t_0]
refresh_hw_device -update_hw_probes false [lindex [get_hw_devices xc7a35t_0] 0]
set_property PROBES.FILE {} [get_hw_devices xc7a35t_0]
set_property FULL_PROBES.FILE {} [get_hw_devices xc7a35t_0]
set_property PROGRAM.FILE {D:/Documents/_Schoolware/_CU/Y3T1/HWSYNLAB/final-calculator/final-calculator.runs/impl_1/system.bit} [get_hw_devices xc7a35t_0]
program_hw_devices [get_hw_devices xc7a35t_0]
refresh_hw_device [lindex [get_hw_devices xc7a35t_0] 0]
reset_run synth_1
launch_runs synth_1 -jobs 4
wait_on_run synth_1
launch_runs impl_1 -jobs 4
wait_on_run impl_1
launch_runs impl_1 -to_step write_bitstream -jobs 4
wait_on_run impl_1
set_property PROBES.FILE {} [get_hw_devices xc7a35t_0]
set_property FULL_PROBES.FILE {} [get_hw_devices xc7a35t_0]
set_property PROGRAM.FILE {D:/Documents/_Schoolware/_CU/Y3T1/HWSYNLAB/final-calculator/final-calculator.runs/impl_1/system.bit} [get_hw_devices xc7a35t_0]
program_hw_devices [get_hw_devices xc7a35t_0]
refresh_hw_device [lindex [get_hw_devices xc7a35t_0] 0]
close_hw_manager
close [ open D:/Documents/_Schoolware/_CU/Y3T1/HWSYNLAB/final-calculator/final-calculator.srcs/sources_1/new/alu.v w ]
add_files D:/Documents/_Schoolware/_CU/Y3T1/HWSYNLAB/final-calculator/final-calculator.srcs/sources_1/new/alu.v
update_compile_order -fileset sources_1
current_project project_1
synth_design -rtl -rtl_skip_mlo -name rtl_1
current_project final-calculator
current_project project_1
file mkdir D:/Documents/_Schoolware/_CU/Y3T1/HWSYNLAB/final-calculator/final-calculator.srcs/sim_1/new
current_project final-calculator
set_property SOURCE_SET sources_1 [get_filesets sim_1]
close [ open D:/Documents/_Schoolware/_CU/Y3T1/HWSYNLAB/final-calculator/final-calculator.srcs/sim_1/new/testALU.v w ]
add_files -fileset sim_1 D:/Documents/_Schoolware/_CU/Y3T1/HWSYNLAB/final-calculator/final-calculator.srcs/sim_1/new/testALU.v
update_compile_order -fileset sim_1
# Disabling source management mode.  This is to allow the top design properties to be set without GUI intervention.
set_property source_mgmt_mode None [current_project]
set_property top testALU [get_filesets sim_1]
set_property top_lib xil_defaultlib [get_filesets sim_1]
# Re-enabling previously disabled source management mode.
set_property source_mgmt_mode All [current_project]
update_compile_order -fileset sim_1
launch_simulation
source testALU.tcl
close_sim
launch_simulation
source testALU.tcl
synth_design -rtl -rtl_skip_mlo -name rtl_1
close_sim
launch_simulation
source testALU.tcl
close_sim
launch_simulation
source testALU.tcl
close_sim
launch_simulation
source testALU.tcl
close_sim
launch_simulation
source testALU.tcl
close_sim
launch_simulation
source testALU.tcl
close_sim
launch_simulation
source testALU.tcl
close_sim
launch_simulation
source testALU.tcl
close_sim
launch_simulation
source testALU.tcl
close_sim
launch_simulation
launch_simulation
source testALU.tcl
current_project project_1
close_project
close_sim
launch_simulation
source testALU.tcl
close_sim
launch_simulation
source testALU.tcl
close_sim
launch_simulation
source testALU.tcl
close_sim
launch_simulation
source testALU.tcl
close_sim
launch_simulation
source testALU.tcl
close_sim
launch_simulation
source testALU.tcl
close_sim
launch_simulation
source testALU.tcl
close_sim
close [ open D:/Documents/_Schoolware/_CU/Y3T1/HWSYNLAB/final-calculator/final-calculator.srcs/sources_1/new/conversion.v w ]
add_files D:/Documents/_Schoolware/_CU/Y3T1/HWSYNLAB/final-calculator/final-calculator.srcs/sources_1/new/conversion.v
update_compile_order -fileset sources_1
update_files -from_files D:/Documents/_Schoolware/_CU/Y3T1/HWSYNLAB/final-calculator/final-calculator.srcs/sources_1/new/conversionUtils.v -to_files D:/Documents/_Schoolware/_CU/Y3T1/HWSYNLAB/final-calculator/final-calculator.srcs/sources_1/new/conversion.v -filesets [get_filesets *]
